+ source ../common.sh
++ set -euo pipefail
++ ulimit -s 8192
++ DIFF=diff
++ diff --color --help
++ DIFF='diff --color'
++ INTERACTIVE=no
++ '[' arm64_many_args.lean == -i ']'
++ f=arm64_many_args.lean
++ shift
++ '[' 0 -eq 0 ']'
++ uname -m
+ arch=arm64
+ [[ arm64 != \a\r\m\6\4 ]]
+ echo 'running ARM64 backend...'
running ARM64 backend...
+ rm -f ./arm64_many_args.lean.arm64.s ./arm64_many_args.lean.arm64.out
+ lean --arm64=arm64_many_args.lean.arm64.s arm64_many_args.lean
++ grep -m1 '\.globl _initialize_' arm64_many_args.lean.arm64.s
++ awk '{print $2}'
+ module_init=_initialize_arm64__many__args
+ [[ -z _initialize_arm64__many__args ]]
+ module_name=initialize_arm64__many__args
+ cat
++ cd ../../build/release/stage1/lib/lean
++ pwd
+ LIB_DIR=/Users/pehle/dev/lean4/build/release/stage1/lib/lean
+ leanc -O3 -DNDEBUG -mmacosx-version-min=15.0 -o arm64_many_args.lean.arm64.out arm64_many_args.lean.arm64.s arm64_many_args.lean.arm64_shim.c runtime_bridge.c -L/Users/pehle/dev/lean4/build/release/stage1/lib/lean -Wl,-force_load,/Users/pehle/dev/lean4/build/release/stage1/lib/lean/libLean.a -Wl,-force_load,/Users/pehle/dev/lean4/build/release/stage1/lib/lean/libleanrt.a -lleancpp -lInit -lStd -lLean -lLake -lleanrt -lleanshared -luv -Wl,-rpath,@executable_path/../lib/lean -Wl,-rpath,/Users/pehle/dev/lean4/build/release/stage1/lib/lean
ld: warning: ignoring duplicate libraries: '-lInit', '-lLake', '-lLean', '-lStd', '-lleancpp', '-lleanrt', '-luv'
ld: warning: object file (/Users/pehle/dev/lean4/build/release/stage1/lib/lean/libleanrt.a[2](debug.cpp.o)) was built for newer 'macOS' version (15.3) than being linked (15.0)
ld: warning: object file (/Users/pehle/dev/lean4/build/release/stage1/lib/lean/libleanrt.a[3](thread.cpp.o)) was built for newer 'macOS' version (15.3) than being linked (15.0)
ld: warning: object file (/Users/pehle/dev/lean4/build/release/stage1/lib/lean/libleanrt.a[4](mpz.cpp.o)) was built for newer 'macOS' version (15.3) than being linked (15.0)
ld: warning: object file (/Users/pehle/dev/lean4/build/release/stage1/lib/lean/libleanrt.a[5](utf8.cpp.o)) was built for newer 'macOS' version (15.3) than being linked (15.0)
ld: warning: object file (/Users/pehle/dev/lean4/build/release/stage1/lib/lean/libleanrt.a[6](object.cpp.o)) was built for newer 'macOS' version (15.3) than being linked (15.0)
ld: warning: object file (/Users/pehle/dev/lean4/build/release/stage1/lib/lean/libleanrt.a[7](apply.cpp.o)) was built for newer 'macOS' version (15.3) than being linked (15.0)
ld: warning: object file (/Users/pehle/dev/lean4/build/release/stage1/lib/lean/libleanrt.a[8](exception.cpp.o)) was built for newer 'macOS' version (15.3) than being linked (15.0)
ld: warning: object file (/Users/pehle/dev/lean4/build/release/stage1/lib/lean/libleanrt.a[9](interrupt.cpp.o)) was built for newer 'macOS' version (15.3) than being linked (15.0)
ld: warning: object file (/Users/pehle/dev/lean4/build/release/stage1/lib/lean/libleanrt.a[10](memory.cpp.o)) was built for newer 'macOS' version (15.3) than being linked (15.0)
ld: warning: object file (/Users/pehle/dev/lean4/build/release/stage1/lib/lean/libleanrt.a[11](stackinfo.cpp.o)) was built for newer 'macOS' version (15.3) than being linked (15.0)
ld: warning: object file (/Users/pehle/dev/lean4/build/release/stage1/lib/lean/libleanrt.a[12](compact.cpp.o)) was built for newer 'macOS' version (15.3) than being linked (15.0)
ld: warning: object file (/Users/pehle/dev/lean4/build/release/stage1/lib/lean/libleanrt.a[13](init_module.cpp.o)) was built for newer 'macOS' version (15.3) than being linked (15.0)
ld: warning: object file (/Users/pehle/dev/lean4/build/release/stage1/lib/lean/libleanrt.a[14](io.cpp.o)) was built for newer 'macOS' version (15.3) than being linked (15.0)
ld: warning: object file (/Users/pehle/dev/lean4/build/release/stage1/lib/lean/libleanrt.a[15](hash.cpp.o)) was built for newer 'macOS' version (15.3) than being linked (15.0)
ld: warning: object file (/Users/pehle/dev/lean4/build/release/stage1/lib/lean/libleanrt.a[16](byteslice.cpp.o)) was built for newer 'macOS' version (15.3) than being linked (15.0)
ld: warning: object file (/Users/pehle/dev/lean4/build/release/stage1/lib/lean/libleanrt.a[17](platform.cpp.o)) was built for newer 'macOS' version (15.3) than being linked (15.0)
ld: warning: object file (/Users/pehle/dev/lean4/build/release/stage1/lib/lean/libleanrt.a[18](alloc.cpp.o)) was built for newer 'macOS' version (15.3) than being linked (15.0)
ld: warning: object file (/Users/pehle/dev/lean4/build/release/stage1/lib/lean/libleanrt.a[19](allocprof.cpp.o)) was built for newer 'macOS' version (15.3) than being linked (15.0)
ld: warning: object file (/Users/pehle/dev/lean4/build/release/stage1/lib/lean/libleanrt.a[20](sharecommon.cpp.o)) was built for newer 'macOS' version (15.3) than being linked (15.0)
ld: warning: object file (/Users/pehle/dev/lean4/build/release/stage1/lib/lean/libleanrt.a[21](stack_overflow.cpp.o)) was built for newer 'macOS' version (15.3) than being linked (15.0)
ld: warning: object file (/Users/pehle/dev/lean4/build/release/stage1/lib/lean/libleanrt.a[22](process.cpp.o)) was built for newer 'macOS' version (15.3) than being linked (15.0)
ld: warning: object file (/Users/pehle/dev/lean4/build/release/stage1/lib/lean/libleanrt.a[23](object_ref.cpp.o)) was built for newer 'macOS' version (15.3) than being linked (15.0)
ld: warning: object file (/Users/pehle/dev/lean4/build/release/stage1/lib/lean/libleanrt.a[24](mpn.cpp.o)) was built for newer 'macOS' version (15.3) than being linked (15.0)
ld: warning: object file (/Users/pehle/dev/lean4/build/release/stage1/lib/lean/libleanrt.a[25](mutex.cpp.o)) was built for newer 'macOS' version (15.3) than being linked (15.0)
ld: warning: object file (/Users/pehle/dev/lean4/build/release/stage1/lib/lean/libleanrt.a[26](libuv.cpp.o)) was built for newer 'macOS' version (15.3) than being linked (15.0)
ld: warning: object file (/Users/pehle/dev/lean4/build/release/stage1/lib/lean/libleanrt.a[27](net_addr.cpp.o)) was built for newer 'macOS' version (15.3) than being linked (15.0)
ld: warning: object file (/Users/pehle/dev/lean4/build/release/stage1/lib/lean/libleanrt.a[28](event_loop.cpp.o)) was built for newer 'macOS' version (15.3) than being linked (15.0)
ld: warning: object file (/Users/pehle/dev/lean4/build/release/stage1/lib/lean/libleanrt.a[29](timer.cpp.o)) was built for newer 'macOS' version (15.3) than being linked (15.0)
ld: warning: object file (/Users/pehle/dev/lean4/build/release/stage1/lib/lean/libleanrt.a[30](tcp.cpp.o)) was built for newer 'macOS' version (15.3) than being linked (15.0)
ld: warning: object file (/Users/pehle/dev/lean4/build/release/stage1/lib/lean/libleanrt.a[31](udp.cpp.o)) was built for newer 'macOS' version (15.3) than being linked (15.0)
ld: warning: object file (/Users/pehle/dev/lean4/build/release/stage1/lib/lean/libleanrt.a[32](dns.cpp.o)) was built for newer 'macOS' version (15.3) than being linked (15.0)
ld: warning: object file (/Users/pehle/dev/lean4/build/release/stage1/lib/lean/libleanrt.a[33](system.cpp.o)) was built for newer 'macOS' version (15.3) than being linked (15.0)
ld: warning: object file (/Users/pehle/dev/lean4/build/release/stage1/lib/lean/libleanrt.a[34](signal.cpp.o)) was built for newer 'macOS' version (15.3) than being linked (15.0)
ld: warning: object file (/Users/pehle/dev/lean4/build/release/stage1/lib/lean/libleanrt.a[35](lean_runtime_wrappers.c.o)) was built for newer 'macOS' version (15.3) than being linked (15.0)
ld: warning: object file (/Users/pehle/dev/lean4/build/release/stage1/lib/lean/libleanrt.a[36](static.c.o)) was built for newer 'macOS' version (15.3) than being linked (15.0)
ld: warning: object file (/Users/pehle/dev/lean4/build/release/stage1/lib/lean/libleancpp.a[2](name.cpp.o)) was built for newer 'macOS' version (15.3) than being linked (15.0)
ld: warning: object file (/Users/pehle/dev/lean4/build/release/stage1/lib/lean/libleancpp.a[4](escaped.cpp.o)) was built for newer 'macOS' version (15.3) than being linked (15.0)
ld: warning: object file (/Users/pehle/dev/lean4/build/release/stage1/lib/lean/libleancpp.a[6](ascii.cpp.o)) was built for newer 'macOS' version (15.3) than being linked (15.0)
ld: warning: object file (/Users/pehle/dev/lean4/build/release/stage1/lib/lean/libleancpp.a[11](timeit.cpp.o)) was built for newer 'macOS' version (15.3) than being linked (15.0)
ld: warning: object file (/Users/pehle/dev/lean4/build/release/stage1/lib/lean/libleancpp.a[13](name_generator.cpp.o)) was built for newer 'macOS' version (15.3) than being linked (15.0)
ld: warning: object file (/Users/pehle/dev/lean4/build/release/stage1/lib/lean/libleancpp.a[14](kvmap.cpp.o)) was built for newer 'macOS' version (15.3) than being linked (15.0)
ld: warning: object file (/Users/pehle/dev/lean4/build/release/stage1/lib/lean/libleancpp.a[15](map_foreach.cpp.o)) was built for newer 'macOS' version (15.3) than being linked (15.0)
ld: warning: object file (/Users/pehle/dev/lean4/build/release/stage1/lib/lean/libleancpp.a[16](options.cpp.o)) was built for newer 'macOS' version (15.3) than being linked (15.0)
ld: warning: object file (/Users/pehle/dev/lean4/build/release/stage1/lib/lean/libleancpp.a[17](option_declarations.cpp.o)) was built for newer 'macOS' version (15.3) than being linked (15.0)
ld: warning: object file (/Users/pehle/dev/lean4/build/release/stage1/lib/lean/libleancpp.a[18](ffi.cpp.o)) was built for newer 'macOS' version (15.3) than being linked (15.0)
ld: warning: object file (/Users/pehle/dev/lean4/build/release/stage1/lib/lean/libleancpp.a[19](level.cpp.o)) was built for newer 'macOS' version (15.3) than being linked (15.0)
ld: warning: object file (/Users/pehle/dev/lean4/build/release/stage1/lib/lean/libleancpp.a[20](expr.cpp.o)) was built for newer 'macOS' version (15.3) than being linked (15.0)
ld: warning: object file (/Users/pehle/dev/lean4/build/release/stage1/lib/lean/libleancpp.a[21](expr_eq_fn.cpp.o)) was built for newer 'macOS' version (15.3) than being linked (15.0)
ld: warning: object file (/Users/pehle/dev/lean4/build/release/stage1/lib/lean/libleancpp.a[22](for_each_fn.cpp.o)) was built for newer 'macOS' version (15.3) than being linked (15.0)
ld: warning: object file (/Users/pehle/dev/lean4/build/release/stage1/lib/lean/libleancpp.a[23](replace_fn.cpp.o)) was built for newer 'macOS' version (15.3) than being linked (15.0)
ld: warning: object file (/Users/pehle/dev/lean4/build/release/stage1/lib/lean/libleancpp.a[24](abstract.cpp.o)) was built for newer 'macOS' version (15.3) than being linked (15.0)
ld: warning: object file (/Users/pehle/dev/lean4/build/release/stage1/lib/lean/libleancpp.a[25](instantiate.cpp.o)) was built for newer 'macOS' version (15.3) than being linked (15.0)
ld: warning: object file (/Users/pehle/dev/lean4/build/release/stage1/lib/lean/libleancpp.a[26](local_ctx.cpp.o)) was built for newer 'macOS' version (15.3) than being linked (15.0)
ld: warning: object file (/Users/pehle/dev/lean4/build/release/stage1/lib/lean/libleancpp.a[27](declaration.cpp.o)) was built for newer 'macOS' version (15.3) than being linked (15.0)
ld: warning: object file (/Users/pehle/dev/lean4/build/release/stage1/lib/lean/libleancpp.a[28](environment.cpp.o)) was built for newer 'macOS' version (15.3) than being linked (15.0)
ld: warning: object file (/Users/pehle/dev/lean4/build/release/stage1/lib/lean/libleancpp.a[29](type_checker.cpp.o)) was built for newer 'macOS' version (15.3) than being linked (15.0)
ld: warning: object file (/Users/pehle/dev/lean4/build/release/stage1/lib/lean/libleancpp.a[32](equiv_manager.cpp.o)) was built for newer 'macOS' version (15.3) than being linked (15.0)
ld: warning: object file (/Users/pehle/dev/lean4/build/release/stage1/lib/lean/libleancpp.a[33](quot.cpp.o)) was built for newer 'macOS' version (15.3) than being linked (15.0)
ld: warning: object file (/Users/pehle/dev/lean4/build/release/stage1/lib/lean/libleancpp.a[34](inductive.cpp.o)) was built for newer 'macOS' version (15.3) than being linked (15.0)
ld: warning: object file (/Users/pehle/dev/lean4/build/release/stage1/lib/lean/libleancpp.a[35](trace.cpp.o)) was built for newer 'macOS' version (15.3) than being linked (15.0)
ld: warning: object file (/Users/pehle/dev/lean4/build/release/stage1/lib/lean/libleancpp.a[36](instantiate_mvars.cpp.o)) was built for newer 'macOS' version (15.3) than being linked (15.0)
ld: warning: object file (/Users/pehle/dev/lean4/build/release/stage1/lib/lean/libleancpp.a[37](expr_lt.cpp.o)) was built for newer 'macOS' version (15.3) than being linked (15.0)
ld: warning: object file (/Users/pehle/dev/lean4/build/release/stage1/lib/lean/libleancpp.a[39](constants.cpp.o)) was built for newer 'macOS' version (15.3) than being linked (15.0)
ld: warning: object file (/Users/pehle/dev/lean4/build/release/stage1/lib/lean/libleancpp.a[41](module.cpp.o)) was built for newer 'macOS' version (15.3) than being linked (15.0)
ld: warning: object file (/Users/pehle/dev/lean4/build/release/stage1/lib/lean/libleancpp.a[42](dynlib.cpp.o)) was built for newer 'macOS' version (15.3) than being linked (15.0)
ld: warning: object file (/Users/pehle/dev/lean4/build/release/stage1/lib/lean/libleancpp.a[43](replace_visitor.cpp.o)) was built for newer 'macOS' version (15.3) than being linked (15.0)
ld: warning: object file (/Users/pehle/dev/lean4/build/release/stage1/lib/lean/libleancpp.a[46](util.cpp.o)) was built for newer 'macOS' version (15.3) than being linked (15.0)
ld: warning: object file (/Users/pehle/dev/lean4/build/release/stage1/lib/lean/libleancpp.a[47](print.cpp.o)) was built for newer 'macOS' version (15.3) than being linked (15.0)
ld: warning: object file (/Users/pehle/dev/lean4/build/release/stage1/lib/lean/libleancpp.a[48](annotation.cpp.o)) was built for newer 'macOS' version (15.3) than being linked (15.0)
ld: warning: object file (/Users/pehle/dev/lean4/build/release/stage1/lib/lean/libleancpp.a[53](profiling.cpp.o)) was built for newer 'macOS' version (15.3) than being linked (15.0)
ld: warning: object file (/Users/pehle/dev/lean4/build/release/stage1/lib/lean/libleancpp.a[54](time_task.cpp.o)) was built for newer 'macOS' version (15.3) than being linked (15.0)
ld: warning: object file (/Users/pehle/dev/lean4/build/release/stage1/lib/lean/libleancpp.a[55](formatter.cpp.o)) was built for newer 'macOS' version (15.3) than being linked (15.0)
ld: warning: object file (/Users/pehle/dev/lean4/build/release/stage1/lib/lean/libleancpp.a[56](elab_environment.cpp.o)) was built for newer 'macOS' version (15.3) than being linked (15.0)
ld: warning: object file (/Users/pehle/dev/lean4/build/release/stage1/lib/lean/libleancpp.a[57](init_attribute.cpp.o)) was built for newer 'macOS' version (15.3) than being linked (15.0)
ld: warning: object file (/Users/pehle/dev/lean4/build/release/stage1/lib/lean/libleancpp.a[58](llvm.cpp.o)) was built for newer 'macOS' version (15.3) than being linked (15.0)
ld: warning: object file (/Users/pehle/dev/lean4/build/release/stage1/lib/lean/libleancpp.a[59](ir_interpreter.cpp.o)) was built for newer 'macOS' version (15.3) than being linked (15.0)
ld: warning: object file (/Users/pehle/dev/lean4/build/release/stage1/lib/lean/libleancpp.a[60](cases_on.cpp.o)) was built for newer 'macOS' version (15.3) than being linked (15.0)
ld: warning: object file (/Users/pehle/dev/lean4/build/release/stage1/lib/lean/libleancpp.a[62](util.cpp.o)) was built for newer 'macOS' version (15.3) than being linked (15.0)
+ export DYLD_LIBRARY_PATH=/Users/pehle/dev/lean4/build/release/stage1/lib/lean:
+ DYLD_LIBRARY_PATH=/Users/pehle/dev/lean4/build/release/stage1/lib/lean:
+ exec_check ./arm64_many_args.lean.arm64.out
+ ret=0
+ exec_capture ./arm64_many_args.lean.arm64.out
+ LEAN_BACKTRACE=0
+ ./arm64_many_args.lean.arm64.out
+ perl -pe 's/(\?(\w|_\w+))\.[0-9]+/\1/g'
+ perl -pe 's/https:\/\/lean-lang\.org\/doc\/reference\/(v?[0-9.]+(-rc[0-9]+)?|latest)/REFERENCE/g'
../common.sh: line 48: 65292 Segmentation fault: 11  LEAN_BACKTRACE=0 "$@" 2>&1
     65293 Done                    | perl -pe 's/(\?(\w|_\w+))\.[0-9]+/\1/g'
     65294 Done                    | perl -pe 's/https:\/\/lean-lang\.org\/doc\/reference\/(v?[0-9.]+(-rc[0-9]+)?|latest)/REFERENCE/g' > "$f.produced.out"
+ ret=139
+ check_ret
+ '[' -n '' ']'
+ expected_ret=0
+ '[' -f arm64_many_args.lean.expected.ret ']'
+ '[' -n 0 ']'
+ '[' 139 -ne 0 ']'
+ echo 'Unexpected return code 139 executing '\'''\''; expected 0. Output:'
Unexpected return code 139 executing ''; expected 0. Output:
+ cat arm64_many_args.lean.produced.out
+ exit 1
